BL51 BANKED LINKER/LOCATER V6.22                                                        05/25/2017  11:20:46  PAGE 1


BL51 BANKED LINKER/LOCATER V6.22, INVOKED BY:
C:\KEIL_V5\C51\BIN\BL51.EXE .\Objects\GPS_test.obj, .\Objects\LCD_20x4_C_file.obj, .\Objects\USART_Interrupt.obj TO .\Ob
>> jects\GPS_test PRINT (.\Listings\GPS_test.m51) RAMSIZE (256) CODE (0X0000-0X1FFF)


MEMORY MODEL: SMALL WITH FLOATING POINT ARITHMETIC


INPUT MODULES INCLUDED:
  .\Objects\GPS_test.obj (GPS_TEST)
  .\Objects\LCD_20x4_C_file.obj (LCD_20X4_C_FILE)
  .\Objects\USART_Interrupt.obj (USART_INTERRUPT)
  C:\KEIL_V5\C51\LIB\C51FPS.LIB (?C?FPADD)
  C:\KEIL_V5\C51\LIB\C51FPS.LIB (?C?FPDIV)
  C:\KEIL_V5\C51\LIB\C51FPS.LIB (?C?FCAST)
  C:\KEIL_V5\C51\LIB\C51FPS.LIB (?C?CASTF)
  C:\KEIL_V5\C51\LIB\C51FPS.LIB (PRINTF)
  C:\KEIL_V5\C51\LIB\C51FPS.LIB (ATOF)
  C:\KEIL_V5\C51\LIB\C51FPS.LIB (?C?FPGETOPN)
  C:\KEIL_V5\C51\LIB\C51FPS.LIB (?C?FPROUND)
  C:\KEIL_V5\C51\LIB\C51FPS.LIB (?C?FPCONVERT)
  C:\KEIL_V5\C51\LIB\C51FPS.LIB (?C?ATOF)
  C:\KEIL_V5\C51\LIB\C51FPS.LIB (?C?FPMUL)
  C:\KEIL_V5\C51\LIB\C51FPS.LIB (?C?FPNEG)
  C:\KEIL_V5\C51\LIB\C51FPS.LIB (?C?FTNPWR)
  C:\KEIL_V5\C51\LIB\C51S.LIB (?C_STARTUP)
  C:\KEIL_V5\C51\LIB\C51S.LIB (?C?CLDPTR)
  C:\KEIL_V5\C51\LIB\C51S.LIB (?C?CLDOPTR)
  C:\KEIL_V5\C51\LIB\C51S.LIB (?C?CSTPTR)
  C:\KEIL_V5\C51\LIB\C51S.LIB (?C?ULDIV)
  C:\KEIL_V5\C51\LIB\C51S.LIB (?C?LNEG)
  C:\KEIL_V5\C51\LIB\C51S.LIB (?C?PLDIIDATA)
  C:\KEIL_V5\C51\LIB\C51S.LIB (?C?CCASE)
  C:\KEIL_V5\C51\LIB\C51S.LIB (PUTCHAR)
  C:\KEIL_V5\C51\LIB\C51S.LIB (ISSPACE)
  C:\KEIL_V5\C51\LIB\C51S.LIB (ATOL)
  C:\KEIL_V5\C51\LIB\C51S.LIB (?C?MEMSET)
  C:\KEIL_V5\C51\LIB\C51S.LIB (?C_INIT)
  C:\KEIL_V5\C51\LIB\C51S.LIB (?C?LMUL)
  C:\KEIL_V5\C51\LIB\C51S.LIB (ISDIGIT)


LINK MAP OF MODULE:  .\Objects\GPS_test (GPS_TEST)


            TYPE    BASE      LENGTH    RELOCATION   SEGMENT NAME
            -----------------------------------------------------

            * * * * * * *   D A T A   M E M O R Y   * * * * * * *
            REG     0000H     0008H     ABSOLUTE     "REG BANK 0"
            DATA    0008H     0004H     UNIT         ?DT?GPS_TEST
                    000CH     0014H                  *** GAP ***
            BIT     0020H.0   0001H.1   UNIT         _BIT_GROUP_
                    0021H.1   0000H.7                *** GAP ***
            DATA    0022H     0043H     UNIT         _DATA_GROUP_
            IDATA   0065H     0076H     UNIT         ?ID?GPS_TEST
            IDATA   00DBH     0001H     UNIT         ?STACK

BL51 BANKED LINKER/LOCATER V6.22                                                      05/25/2017  11:20:46  PAGE 2


            * * * * * * *   C O D E   M E M O R Y   * * * * * * *
            CODE    0000H     0003H     ABSOLUTE     
            CODE    0003H     001FH     UNIT         ?PR?GET_GPSTIME?GPS_TEST
                    0022H     0001H                  *** GAP ***
            CODE    0023H     0003H     ABSOLUTE     
            CODE    0026H     06F5H     UNIT         ?C?LIB_CODE
            CODE    071BH     046FH     UNIT         ?PR?PRINTF?PRINTF
            CODE    0B8AH     0139H     UNIT         ?PR?MAIN?GPS_TEST
            CODE    0CC3H     00E6H     UNIT         ?PR??C?ATOF??C?ATOF
            CODE    0DA9H     00DEH     UNIT         ?PR?_ATOL?ATOL
            CODE    0E87H     008EH     UNIT         ?PR?SERIAL_ISR?GPS_TEST
            CODE    0F15H     008CH     UNIT         ?C_C51STARTUP
            CODE    0FA1H     0086H     UNIT         ?PR?_CONVERT_TIME_TO_UTC?GPS_TEST
            CODE    1027H     006BH     UNIT         ?PR?_CONVERT_TO_DEGREES?GPS_TEST
            CODE    1092H     0049H     UNIT         ?PR?_LCD_STRING_XY?LCD_20X4_C_FILE
            CODE    10DBH     0048H     UNIT         ?PR?ATOF?ATOF
            CODE    1123H     0035H     UNIT         ?CO?GPS_TEST
            CODE    1158H     002EH     UNIT         ?PR?_DELAY?LCD_20X4_C_FILE
            CODE    1186H     002BH     UNIT         ?PR?_LCD_STRING?LCD_20X4_C_FILE
            CODE    11B1H     0027H     UNIT         ?PR?LCD_INIT?LCD_20X4_C_FILE
            CODE    11D8H     0027H     UNIT         ?PR?PUTCHAR?PUTCHAR
            CODE    11FFH     0023H     UNIT         ?PR?_GET_LATITUDE?GPS_TEST
            CODE    1222H     0023H     UNIT         ?PR?_GET_LONGITUDE?GPS_TEST
            CODE    1245H     0023H     UNIT         ?PR?_GET_ALTITUDE?GPS_TEST
            CODE    1268H     0013H     UNIT         ?PR?_ISSPACE?ISSPACE
            CODE    127BH     0011H     UNIT         ?PR?LCD_CLEAR?LCD_20X4_C_FILE
            CODE    128CH     0010H     UNIT         ?PR?_LCD_COMMAND?LCD_20X4_C_FILE
            CODE    129CH     0010H     UNIT         ?PR?_LCD_CHAR?LCD_20X4_C_FILE
            CODE    12ACH     000FH     UNIT         ?PR?_ISDIGIT?ISDIGIT
            CODE    12BBH     000CH     UNIT         ?PR?UART_INIT?USART_INTERRUPT
            CODE    12C7H     0005H     UNIT         ?PR?EXT_INT_INIT?USART_INTERRUPT
            CODE    12CCH     0004H     UNIT         ?C_INITSEG



OVERLAY MAP OF MODULE:   .\Objects\GPS_test (GPS_TEST)


SEGMENT                                       BIT_GROUP          DATA_GROUP 
  +--> CALLED SEGMENT                      START    LENGTH     START    LENGTH
------------------------------------------------------------------------------
?C_C51STARTUP                              -----    -----      -----    -----
  +--> ?PR?MAIN?GPS_TEST
  +--> ?C_INITSEG

?PR?MAIN?GPS_TEST                          -----    -----      0022H    001FH
  +--> ?PR?LCD_INIT?LCD_20X4_C_FILE
  +--> ?PR?UART_INIT?USART_INTERRUPT
  +--> ?PR?EXT_INT_INIT?USART_INTERRUPT
  +--> ?CO?GPS_TEST
  +--> ?PR?_LCD_STRING_XY?LCD_20X4_C_FILE
  +--> ?PR?GET_GPSTIME?GPS_TEST
  +--> ?PR?_CONVERT_TIME_TO_UTC?GPS_TEST
  +--> ?PR?_LCD_STRING?LCD_20X4_C_FILE
  +--> ?PR?_GET_LATITUDE?GPS_TEST
  +--> ?PR?_CONVERT_TO_DEGREES?GPS_TEST
  +--> ?PR?PRINTF?PRINTF
BL51 BANKED LINKER/LOCATER V6.22                                                      05/25/2017  11:20:46  PAGE 3


  +--> ?PR?_GET_LONGITUDE?GPS_TEST
  +--> ?PR?_GET_ALTITUDE?GPS_TEST

?PR?LCD_INIT?LCD_20X4_C_FILE               -----    -----      -----    -----
  +--> ?PR?_DELAY?LCD_20X4_C_FILE
  +--> ?PR?_LCD_COMMAND?LCD_20X4_C_FILE

?PR?_LCD_COMMAND?LCD_20X4_C_FILE           -----    -----      -----    -----
  +--> ?PR?_DELAY?LCD_20X4_C_FILE

?PR?_LCD_STRING_XY?LCD_20X4_C_FILE         -----    -----      0041H    0005H
  +--> ?PR?_LCD_COMMAND?LCD_20X4_C_FILE
  +--> ?PR?_LCD_STRING?LCD_20X4_C_FILE

?PR?_LCD_STRING?LCD_20X4_C_FILE            -----    -----      0046H    0005H
  +--> ?PR?_LCD_CHAR?LCD_20X4_C_FILE

?PR?_LCD_CHAR?LCD_20X4_C_FILE              -----    -----      -----    -----
  +--> ?PR?_DELAY?LCD_20X4_C_FILE

?PR?GET_GPSTIME?GPS_TEST                   -----    -----      0041H    000FH
  +--> ?PR?_ATOL?ATOL

?PR?_ATOL?ATOL                             0020H.0  0000H.1    0050H    0007H
  +--> ?PR?_ISSPACE?ISSPACE
  +--> ?PR?_ISDIGIT?ISDIGIT

?PR?_CONVERT_TIME_TO_UTC?GPS_TEST          -----    -----      0041H    0008H
  +--> ?CO?GPS_TEST
  +--> ?PR?PRINTF?PRINTF

?PR?PRINTF?PRINTF                          0020H.0  0001H.1    0049H    001CH
  +--> ?PR?PUTCHAR?PUTCHAR

?PR?_GET_LATITUDE?GPS_TEST                 -----    -----      0041H    000FH
  +--> ?PR?ATOF?ATOF

?PR?ATOF?ATOF                              -----    -----      0050H    0003H
  +--> ?PR?_ISSPACE?ISSPACE
  +--> ?PR??C?ATOF??C?ATOF

?PR??C?ATOF??C?ATOF                        0020H.0  0000H.5    0053H    0002H

?PR?_CONVERT_TO_DEGREES?GPS_TEST           -----    -----      0041H    000CH

?PR?_GET_LONGITUDE?GPS_TEST                -----    -----      0041H    000FH
  +--> ?PR?ATOF?ATOF

?PR?_GET_ALTITUDE?GPS_TEST                 -----    -----      0041H    000CH
  +--> ?PR?ATOF?ATOF



SYMBOL TABLE OF MODULE:  .\Objects\GPS_test (GPS_TEST)

  VALUE           TYPE          NAME
  ----------------------------------
BL51 BANKED LINKER/LOCATER V6.22                                                      05/25/2017  11:20:46  PAGE 4



  -------         MODULE        GPS_TEST
  C:0000H         SYMBOL        _ICE_DUMMY_
  D:0090H         PUBLIC        P1
  D:00B0H         PUBLIC        P3
  C:1245H         PUBLIC        _get_altitude
  C:11FFH         PUBLIC        _get_latitude
  B:00A8H.7       PUBLIC        EA
  I:0065H         PUBLIC        GGA_Pointers
  I:0079H         PUBLIC        GGA_Buffer
  D:00A8H         PUBLIC        IE
  C:1027H         PUBLIC        _convert_to_degrees
  D:00B8H         PUBLIC        IP
  B:0098H.0       PUBLIC        RI
  C:0003H         PUBLIC        get_gpstime
  C:0B8AH         PUBLIC        main
  C:0FA1H         PUBLIC        _convert_time_to_UTC
  D:0008H         PUBLIC        GGA_Index
  D:0099H         PUBLIC        SBUF
  C:0E87H         PUBLIC        Serial_ISR
  D:0098H         PUBLIC        SCON
  D:0088H         PUBLIC        TCON
  I:00C9H         PUBLIC        Data_Buffer
  D:000AH         PUBLIC        IsItGGAString
  I:00D8H         PUBLIC        GGA_CODE
  D:000BH         PUBLIC        CommaCounter
  D:00C8H         PUBLIC        T2CON
  C:1222H         PUBLIC        _get_longitude
  D:00D0H         PUBLIC        PSW
  -------         PROC          MAIN
  -------         DO            
  D:0022H         SYMBOL        Time
  D:0026H         SYMBOL        Latitude
  D:002AH         SYMBOL        Longitude
  D:002EH         SYMBOL        Altitude
  D:0032H         SYMBOL        GPS_Buffer
  -------         ENDDO         
  C:0B8AH         LINE#         31
  C:0B8AH         LINE#         35
  C:0B8DH         LINE#         36
  C:0B90H         LINE#         37
  C:0B93H         LINE#         39
  C:0B93H         LINE#         40
  C:0BA2H         LINE#         41
  C:0BAFH         LINE#         42
  C:0BBAH         LINE#         43
  C:0BBDH         LINE#         44
  C:0BC6H         LINE#         45
  C:0BCFH         LINE#         47
  C:0BDCH         LINE#         48
  C:0BEBH         LINE#         49
  C:0BF6H         LINE#         50
  C:0C10H         LINE#         51
  C:0C19H         LINE#         52
  C:0C28H         LINE#         54
  C:0C35H         LINE#         55
  C:0C44H         LINE#         56
BL51 BANKED LINKER/LOCATER V6.22                                                      05/25/2017  11:20:46  PAGE 5


  C:0C4FH         LINE#         57
  C:0C69H         LINE#         58
  C:0C72H         LINE#         59
  C:0C81H         LINE#         61
  C:0C8EH         LINE#         62
  C:0C9DH         LINE#         63
  C:0CB7H         LINE#         64
  C:0CC0H         LINE#         67
  -------         ENDPROC       MAIN
  -------         PROC          GET_GPSTIME
  -------         DO            
  D:0007H         SYMBOL        index
  D:0041H         SYMBOL        Time_Buffer
  D:0004H         SYMBOL        _Time
  -------         ENDDO         
  C:0003H         LINE#         70
  C:0003H         LINE#         76
  C:000FH         LINE#         77
  C:0015H         LINE#         78
  C:0018H         LINE#         79
  C:0021H         LINE#         80
  C:0021H         LINE#         81
  -------         ENDPROC       GET_GPSTIME
  -------         PROC          _GET_LATITUDE
  D:0007H         SYMBOL        lat_pointer
  -------         DO            
  D:0007H         SYMBOL        lat_index
  D:0006H         SYMBOL        index
  D:0041H         SYMBOL        Lat_Buffer
  D:0004H         SYMBOL        _latitude
  -------         ENDDO         
  C:11FFH         LINE#         83
  C:11FFH         LINE#         84
  C:1202H         LINE#         85
  C:1204H         LINE#         90
  C:120EH         LINE#         91
  C:1214H         LINE#         92
  C:1215H         LINE#         93
  C:1218H         LINE#         94
  C:1221H         LINE#         95
  C:1221H         LINE#         96
  -------         ENDPROC       _GET_LATITUDE
  -------         PROC          _GET_LONGITUDE
  D:0007H         SYMBOL        long_pointer
  -------         DO            
  D:0006H         SYMBOL        long_index
  D:0007H         SYMBOL        index
  D:0041H         SYMBOL        Long_Buffer
  D:0004H         SYMBOL        _longitude
  -------         ENDDO         
  C:1222H         LINE#         98
  C:1222H         LINE#         100
  C:1225H         LINE#         103
  C:1227H         LINE#         106
  C:1231H         LINE#         107
  C:1237H         LINE#         108
  C:1238H         LINE#         109
BL51 BANKED LINKER/LOCATER V6.22                                                      05/25/2017  11:20:46  PAGE 6


  C:123BH         LINE#         110
  C:1244H         LINE#         111
  C:1244H         LINE#         112
  -------         ENDPROC       _GET_LONGITUDE
  -------         PROC          _GET_ALTITUDE
  D:0007H         SYMBOL        alt_pointer
  -------         DO            
  D:0006H         SYMBOL        alt_index
  D:0007H         SYMBOL        index
  D:0041H         SYMBOL        Alt_Buffer
  D:0004H         SYMBOL        _Altitude
  -------         ENDDO         
  C:1245H         LINE#         114
  C:1245H         LINE#         116
  C:1248H         LINE#         119
  C:124AH         LINE#         122
  C:1254H         LINE#         123
  C:125AH         LINE#         124
  C:125BH         LINE#         125
  C:125EH         LINE#         126
  C:1267H         LINE#         127
  C:1267H         LINE#         128
  -------         ENDPROC       _GET_ALTITUDE
  -------         PROC          _CONVERT_TIME_TO_UTC
  D:0041H         SYMBOL        UTC_Time
  -------         DO            
  D:0045H         SYMBOL        hour
  D:0047H         SYMBOL        min
  D:0006H         SYMBOL        sec
  -------         ENDDO         
  C:0FA1H         LINE#         130
  C:0FA9H         LINE#         131
  C:0FA9H         LINE#         134
  C:0FB7H         LINE#         135
  C:0FDEH         LINE#         136
  C:1005H         LINE#         138
  -------         ENDPROC       _CONVERT_TIME_TO_UTC
  -------         PROC          _CONVERT_TO_DEGREES
  D:0004H         SYMBOL        raw
  -------         DO            
  D:0004H         SYMBOL        value
  D:0041H         SYMBOL        decimal_value
  D:0045H         SYMBOL        temp
  D:0049H         SYMBOL        degrees
  D:0004H         SYMBOL        position
  -------         ENDDO         
  C:1027H         LINE#         142
  C:1027H         LINE#         150
  C:1027H         LINE#         153
  C:1039H         LINE#         154
  C:104CH         LINE#         155
  C:107AH         LINE#         156
  C:1091H         LINE#         158
  C:1091H         LINE#         159
  -------         ENDPROC       _CONVERT_TO_DEGREES
  -------         PROC          SERIAL_ISR
  -------         DO            
BL51 BANKED LINKER/LOCATER V6.22                                                      05/25/2017  11:20:46  PAGE 7


  D:0007H         SYMBOL        received_char
  -------         ENDDO         
  C:0E87H         LINE#         161
  C:0E98H         LINE#         164
  C:0E9BH         LINE#         165
  C:0E9DH         LINE#         166
  C:0E9FH         LINE#         168
  C:0EA2H         LINE#         169
  C:0EA8H         LINE#         170
  C:0EABH         LINE#         171
  C:0EAEH         LINE#         172
  C:0EB0H         LINE#         173
  C:0EB5H         LINE#         174
  C:0EC4H         LINE#         175
  C:0ED4H         LINE#         176
  C:0ED6H         LINE#         177
  C:0EE6H         LINE#         178
  C:0EE9H         LINE#         179
  C:0EF3H         LINE#         181
  C:0EF5H         LINE#         182
  C:0EF5H         LINE#         183
  C:0F02H         LINE#         184
  C:0F02H         LINE#         185
  C:0F04H         LINE#         186
  C:0F06H         LINE#         187
  C:0F06H         LINE#         188
  -------         ENDPROC       SERIAL_ISR
  -------         ENDMOD        GPS_TEST

  -------         MODULE        LCD_20X4_C_FILE
  C:0000H         SYMBOL        _ICE_DUMMY_
  D:0090H         PUBLIC        P1
  C:1092H         PUBLIC        _LCD_String_xy
  D:00A0H         PUBLIC        P2
  D:00B0H         PUBLIC        P3
  D:00A8H         PUBLIC        IE
  C:1160H         PUBLIC        _delay
  B:0090H.2       PUBLIC        EN
  D:00B8H         PUBLIC        IP
  C:127BH         PUBLIC        LCD_Clear
  B:0090H.0       PUBLIC        RS
  B:0090H.1       PUBLIC        RW
  C:1186H         PUBLIC        _LCD_String
  C:129CH         PUBLIC        _LCD_Char
  D:0098H         PUBLIC        SCON
  D:0088H         PUBLIC        TCON
  C:11B1H         PUBLIC        LCD_Init
  D:00C8H         PUBLIC        T2CON
  C:128CH         PUBLIC        _LCD_Command
  D:00D0H         PUBLIC        PSW
  -------         PROC          _LCD_COMMAND
  D:0007H         SYMBOL        cmd
  C:128CH         LINE#         10
  C:128CH         LINE#         11
  C:128CH         LINE#         12
  C:128EH         LINE#         13
  C:1290H         LINE#         14
BL51 BANKED LINKER/LOCATER V6.22                                                      05/25/2017  11:20:46  PAGE 8


  C:1290H         LINE#         15
  C:1290H         LINE#         16
  C:1293H         LINE#         17
  C:1295H         LINE#         18
  -------         ENDPROC       _LCD_COMMAND
  -------         PROC          _LCD_CHAR
  D:0007H         SYMBOL        char_data
  C:129CH         LINE#         21
  C:129CH         LINE#         22
  C:129CH         LINE#         23
  C:129EH         LINE#         24
  C:12A0H         LINE#         25
  C:12A0H         LINE#         26
  C:12A0H         LINE#         27
  C:12A3H         LINE#         28
  C:12A5H         LINE#         29
  -------         ENDPROC       _LCD_CHAR
  -------         PROC          LCD_INIT
  C:11B1H         LINE#         32
  C:11B1H         LINE#         33
  C:11B1H         LINE#         34
  C:11B8H         LINE#         35
  C:11BDH         LINE#         36
  C:11C2H         LINE#         37
  C:11C7H         LINE#         38
  C:11CCH         LINE#         39
  C:11D3H         LINE#         40
  -------         ENDPROC       LCD_INIT
  -------         PROC          _LCD_STRING
  D:0046H         SYMBOL        str
  -------         DO            
  D:0049H         SYMBOL        i
  -------         ENDDO         
  C:1186H         LINE#         43
  C:118CH         LINE#         44
  C:118CH         LINE#         46
  C:11A3H         LINE#         47
  C:11A3H         LINE#         48
  C:11A6H         LINE#         49
  C:11B0H         LINE#         50
  -------         ENDPROC       _LCD_STRING
  -------         PROC          _LCD_STRING_XY
  D:0041H         SYMBOL        row
  D:0042H         SYMBOL        pos
  D:0043H         SYMBOL        str
  C:1092H         LINE#         52
  C:109CH         LINE#         53
  C:109CH         LINE#         54
  C:10A1H         LINE#         55
  C:10A9H         LINE#         56
  C:10AEH         LINE#         57
  C:10B6H         LINE#         58
  C:10BBH         LINE#         59
  C:10C3H         LINE#         60
  C:10C8H         LINE#         61
  C:10D2H         LINE#         62
  -------         ENDPROC       _LCD_STRING_XY
BL51 BANKED LINKER/LOCATER V6.22                                                      05/25/2017  11:20:46  PAGE 9


  -------         PROC          LCD_CLEAR
  C:127BH         LINE#         65
  C:127BH         LINE#         66
  C:127BH         LINE#         67
  C:1280H         LINE#         68
  C:1287H         LINE#         69
  -------         ENDPROC       LCD_CLEAR
  -------         PROC          L?0030
  -------         ENDPROC       L?0030
  -------         PROC          _DELAY
  D:0006H         SYMBOL        k
  -------         DO            
  D:0004H         SYMBOL        i
  D:0002H         SYMBOL        j
  -------         ENDDO         
  C:1160H         LINE#         72
  C:1160H         LINE#         73
  C:1160H         LINE#         75
  C:1170H         LINE#         76
  C:1185H         LINE#         77
  -------         ENDPROC       _DELAY
  -------         ENDMOD        LCD_20X4_C_FILE

  -------         MODULE        USART_INTERRUPT
  C:0000H         SYMBOL        _ICE_DUMMY_
  D:0090H         PUBLIC        P1
  D:00B0H         PUBLIC        P3
  B:00A8H.7       PUBLIC        EA
  D:00A8H         PUBLIC        IE
  B:00A8H.4       PUBLIC        ES
  D:00B8H         PUBLIC        IP
  C:12BBH         PUBLIC        UART_Init
  D:0098H         PUBLIC        SCON
  D:0089H         PUBLIC        TMOD
  D:0088H         PUBLIC        TCON
  D:008DH         PUBLIC        TH1
  C:12C7H         PUBLIC        Ext_int_Init
  B:0088H.6       PUBLIC        TR1
  D:00C8H         PUBLIC        T2CON
  D:00D0H         PUBLIC        PSW
  -------         PROC          EXT_INT_INIT
  C:12C7H         LINE#         8
  C:12C7H         LINE#         9
  C:12C7H         LINE#         10
  C:12C9H         LINE#         11
  C:12CBH         LINE#         12
  -------         ENDPROC       EXT_INT_INIT
  -------         PROC          UART_INIT
  C:12BBH         LINE#         14
  C:12BBH         LINE#         15
  C:12BBH         LINE#         16
  C:12BEH         LINE#         17
  C:12C1H         LINE#         18
  C:12C4H         LINE#         19
  C:12C6H         LINE#         20
  -------         ENDPROC       UART_INIT
  -------         ENDMOD        USART_INTERRUPT
BL51 BANKED LINKER/LOCATER V6.22                                                      05/25/2017  11:20:46  PAGE 10



  -------         MODULE        ?C?FPADD
  C:002DH         PUBLIC        ?C?FPADD
  C:0029H         PUBLIC        ?C?FPSUB
  -------         ENDMOD        ?C?FPADD

  -------         MODULE        ?C?FPDIV
  C:0121H         PUBLIC        ?C?FPDIV
  -------         ENDMOD        ?C?FPDIV

  -------         MODULE        ?C?FCAST
  C:01C8H         PUBLIC        ?C?FCASTC
  C:01C3H         PUBLIC        ?C?FCASTI
  C:01BEH         PUBLIC        ?C?FCASTL
  -------         ENDMOD        ?C?FCAST

  -------         MODULE        ?C?CASTF
  C:01FCH         PUBLIC        ?C?CASTF
  -------         ENDMOD        ?C?CASTF

  -------         MODULE        PRINTF
  D:0049H         PUBLIC        ?_PRINTF?BYTE
  D:0049H         PUBLIC        ?_SPRINTF?BYTE
  C:077DH         PUBLIC        _PRINTF
  C:0777H         PUBLIC        _SPRINTF
  -------         ENDMOD        PRINTF

  -------         MODULE        ATOF
  C:10DBH         PUBLIC        _ATOF
  -------         ENDMOD        ATOF

  -------         MODULE        ?C?FPROUND
  C:027DH         PUBLIC        ?C?FPROUND
  -------         ENDMOD        ?C?FPROUND

  -------         MODULE        ?C?FPCONVERT
  C:02ACH         PUBLIC        ?C?FPCONVERT
  -------         ENDMOD        ?C?FPCONVERT

  -------         MODULE        ?C?FPMUL
  C:03AFH         PUBLIC        ?C?FPMUL
  -------         ENDMOD        ?C?FPMUL

  -------         MODULE        ?C?FPNEG
  C:04B5H         PUBLIC        ?C?FPNEG
  -------         ENDMOD        ?C?FPNEG

  -------         MODULE        ?C?FTNPWR
  C:04F6H         PUBLIC        ?C?FTNPWR
  -------         ENDMOD        ?C?FTNPWR

  -------         MODULE        ?C?CLDPTR
  C:0536H         PUBLIC        ?C?CLDPTR
  -------         ENDMOD        ?C?CLDPTR

  -------         MODULE        ?C?CLDOPTR
  C:054FH         PUBLIC        ?C?CLDOPTR
BL51 BANKED LINKER/LOCATER V6.22                                                      05/25/2017  11:20:46  PAGE 11


  -------         ENDMOD        ?C?CLDOPTR

  -------         MODULE        ?C?CSTPTR
  C:057CH         PUBLIC        ?C?CSTPTR
  -------         ENDMOD        ?C?CSTPTR

  -------         MODULE        ?C?ULDIV
  C:05CAH         PUBLIC        ?C?ULDIV
  -------         ENDMOD        ?C?ULDIV

  -------         MODULE        ?C?LNEG
  C:065CH         PUBLIC        ?C?LNEG
  -------         ENDMOD        ?C?LNEG

  -------         MODULE        ?C?PLDIIDATA
  C:066AH         PUBLIC        ?C?PLDIIDATA
  -------         ENDMOD        ?C?PLDIIDATA

  -------         MODULE        ?C?CCASE
  C:067AH         PUBLIC        ?C?CCASE
  -------         ENDMOD        ?C?CCASE

  -------         MODULE        PUTCHAR
  C:11D8H         PUBLIC        _PUTCHAR
  -------         ENDMOD        PUTCHAR

  -------         MODULE        ISSPACE
  C:1268H         PUBLIC        _isspace
  -------         ENDMOD        ISSPACE

  -------         MODULE        ATOL
  C:0DA9H         PUBLIC        _atol
  -------         ENDMOD        ATOL

  -------         MODULE        ?C?MEMSET
  C:06A0H         PUBLIC        ?C?MEMSET
  -------         ENDMOD        ?C?MEMSET

  -------         MODULE        ?C?LMUL
  C:06CCH         PUBLIC        ?C?LMUL
  -------         ENDMOD        ?C?LMUL

  -------         MODULE        ISDIGIT
  C:12ACH         PUBLIC        _isdigit
  -------         ENDMOD        ISDIGIT

*** WARNING L16: UNCALLED SEGMENT, IGNORED FOR OVERLAY PROCESS
    SEGMENT: ?PR?LCD_CLEAR?LCD_20X4_C_FILE

Program Size: data=199.1 xdata=0 code=4815
LINK/LOCATE RUN COMPLETE.  1 WARNING(S),  0 ERROR(S)
